Archive member included to satisfy reference by file (symbol)

C:\Users\freak\workspace\discovery2_stdperiph_lib\Debug\libdiscovery2_stdperiph_lib.a(misc.o)
                              src/usart.o (NVIC_Init)
C:\Users\freak\workspace\discovery2_stdperiph_lib\Debug\libdiscovery2_stdperiph_lib.a(stm32f10x_flash.o)
                              src/rcc.o (FLASH_SetLatency)
C:\Users\freak\workspace\discovery2_stdperiph_lib\Debug\libdiscovery2_stdperiph_lib.a(stm32f10x_gpio.o)
                              src/main.o (GPIO_Init)
C:\Users\freak\workspace\discovery2_stdperiph_lib\Debug\libdiscovery2_stdperiph_lib.a(stm32f10x_rcc.o)
                              src/rcc.o (RCC_DeInit)
C:\Users\freak\workspace\discovery2_stdperiph_lib\Debug\libdiscovery2_stdperiph_lib.a(stm32f10x_tim.o)
                              src/delay.o (TIM_TimeBaseInit)
C:\Users\freak\workspace\discovery2_stdperiph_lib\Debug\libdiscovery2_stdperiph_lib.a(stm32f10x_usart.o)
                              src/usart.o (USART_Init)
c:/ac6/systemworkbench/plugins/fr.ac6.mcu.externaltools.arm-none.win32_1.7.0.201602121829/tools/compiler/bin/../lib/gcc/arm-none-eabi/5.2.1/../../../../arm-none-eabi/lib/armv7-m\libc.a(lib_a-errno.o)
                              src/syscalls.o (__errno)
c:/ac6/systemworkbench/plugins/fr.ac6.mcu.externaltools.arm-none.win32_1.7.0.201602121829/tools/compiler/bin/../lib/gcc/arm-none-eabi/5.2.1/../../../../arm-none-eabi/lib/armv7-m\libc.a(lib_a-exit.o)
                              c:/ac6/systemworkbench/plugins/fr.ac6.mcu.externaltools.arm-none.win32_1.7.0.201602121829/tools/compiler/bin/../lib/gcc/arm-none-eabi/5.2.1/../../../../arm-none-eabi/lib/armv7-m/crt0.o (exit)
c:/ac6/systemworkbench/plugins/fr.ac6.mcu.externaltools.arm-none.win32_1.7.0.201602121829/tools/compiler/bin/../lib/gcc/arm-none-eabi/5.2.1/../../../../arm-none-eabi/lib/armv7-m\libc.a(lib_a-impure.o)
                              c:/ac6/systemworkbench/plugins/fr.ac6.mcu.externaltools.arm-none.win32_1.7.0.201602121829/tools/compiler/bin/../lib/gcc/arm-none-eabi/5.2.1/../../../../arm-none-eabi/lib/armv7-m\libc.a(lib_a-exit.o) (_global_impure_ptr)
c:/ac6/systemworkbench/plugins/fr.ac6.mcu.externaltools.arm-none.win32_1.7.0.201602121829/tools/compiler/bin/../lib/gcc/arm-none-eabi/5.2.1/../../../../arm-none-eabi/lib/armv7-m\libc.a(lib_a-init.o)
                              c:/ac6/systemworkbench/plugins/fr.ac6.mcu.externaltools.arm-none.win32_1.7.0.201602121829/tools/compiler/bin/../lib/gcc/arm-none-eabi/5.2.1/../../../../arm-none-eabi/lib/armv7-m/crt0.o (__libc_init_array)
c:/ac6/systemworkbench/plugins/fr.ac6.mcu.externaltools.arm-none.win32_1.7.0.201602121829/tools/compiler/bin/../lib/gcc/arm-none-eabi/5.2.1/../../../../arm-none-eabi/lib/armv7-m\libc.a(lib_a-memset.o)
                              c:/ac6/systemworkbench/plugins/fr.ac6.mcu.externaltools.arm-none.win32_1.7.0.201602121829/tools/compiler/bin/../lib/gcc/arm-none-eabi/5.2.1/../../../../arm-none-eabi/lib/armv7-m/crt0.o (memset)
c:/ac6/systemworkbench/plugins/fr.ac6.mcu.externaltools.arm-none.win32_1.7.0.201602121829/tools/compiler/bin/../lib/gcc/arm-none-eabi/5.2.1/../../../../arm-none-eabi/lib/armv7-m\libc.a(lib_a-sprintf.o)
                              src/main.o (sprintf)
c:/ac6/systemworkbench/plugins/fr.ac6.mcu.externaltools.arm-none.win32_1.7.0.201602121829/tools/compiler/bin/../lib/gcc/arm-none-eabi/5.2.1/../../../../arm-none-eabi/lib/armv7-m\libc.a(lib_a-strlen-stub.o)
                              src/usart.o (strlen)
c:/ac6/systemworkbench/plugins/fr.ac6.mcu.externaltools.arm-none.win32_1.7.0.201602121829/tools/compiler/bin/../lib/gcc/arm-none-eabi/5.2.1/../../../../arm-none-eabi/lib/armv7-m\libc.a(lib_a-svfprintf.o)
                              c:/ac6/systemworkbench/plugins/fr.ac6.mcu.externaltools.arm-none.win32_1.7.0.201602121829/tools/compiler/bin/../lib/gcc/arm-none-eabi/5.2.1/../../../../arm-none-eabi/lib/armv7-m\libc.a(lib_a-sprintf.o) (_svfprintf_r)
c:/ac6/systemworkbench/plugins/fr.ac6.mcu.externaltools.arm-none.win32_1.7.0.201602121829/tools/compiler/bin/../lib/gcc/arm-none-eabi/5.2.1/../../../../arm-none-eabi/lib/armv7-m\libc.a(lib_a-__call_atexit.o)
                              c:/ac6/systemworkbench/plugins/fr.ac6.mcu.externaltools.arm-none.win32_1.7.0.201602121829/tools/compiler/bin/../lib/gcc/arm-none-eabi/5.2.1/../../../../arm-none-eabi/lib/armv7-m\libc.a(lib_a-exit.o) (__call_exitprocs)
c:/ac6/systemworkbench/plugins/fr.ac6.mcu.externaltools.arm-none.win32_1.7.0.201602121829/tools/compiler/bin/../lib/gcc/arm-none-eabi/5.2.1/../../../../arm-none-eabi/lib/armv7-m\libc.a(lib_a-atexit.o)
                              c:/ac6/systemworkbench/plugins/fr.ac6.mcu.externaltools.arm-none.win32_1.7.0.201602121829/tools/compiler/bin/../lib/gcc/arm-none-eabi/5.2.1/../../../../arm-none-eabi/lib/armv7-m\libc.a(lib_a-__call_atexit.o) (atexit)
[...]
Memory Configuration

Name             Origin             Length             Attributes
RAM              0x20000000         0x00006000         xrw
ROM              0x08000000         0x00040000         xr
*default*        0x00000000         0xffffffff

Linker script and memory map

LOAD c:/ac6/systemworkbench/plugins/fr.ac6.mcu.externaltools.arm-none.win32_1.7.0.201602121829/tools/compiler/bin/../lib/gcc/arm-none-eabi/5.2.1/armv7-m/crti.o
LOAD c:/ac6/systemworkbench/plugins/fr.ac6.mcu.externaltools.arm-none.win32_1.7.0.201602121829/tools/compiler/bin/../lib/gcc/arm-none-eabi/5.2.1/armv7-m/crtbegin.o
LOAD c:/ac6/systemworkbench/plugins/fr.ac6.mcu.externaltools.arm-none.win32_1.7.0.201602121829/tools/compiler/bin/../lib/gcc/arm-none-eabi/5.2.1/../../../../arm-none-eabi/lib/armv7-m/crt0.o
LOAD c:/ac6/systemworkbench/plugins/fr.ac6.mcu.externaltools.arm-none.win32_1.7.0.201602121829/tools/compiler/bin/../lib/gcc/arm-none-eabi/5.2.1/../../../../arm-none-eabi/lib/armv7-m\libm.a
LOAD src/delay.o
LOAD src/main.o
LOAD src/rcc.o
LOAD src/syscalls.o
LOAD src/system_stm32f10x.o
LOAD src/usart.o
LOAD startup/startup_stm32.o
LOAD C:\Users\freak\workspace\discovery2_stdperiph_lib\Debug\libdiscovery2_stdperiph_lib.a
START GROUP
LOAD c:/ac6/systemworkbench/plugins/fr.ac6.mcu.externaltools.arm-none.win32_1.7.0.201602121829/tools/compiler/bin/../lib/gcc/arm-none-eabi/5.2.1/armv7-m\libgcc.a
LOAD c:/ac6/systemworkbench/plugins/fr.ac6.mcu.externaltools.arm-none.win32_1.7.0.201602121829/tools/compiler/bin/../lib/gcc/arm-none-eabi/5.2.1/../../../../arm-none-eabi/lib/armv7-m\libc.a
END GROUP
LOAD c:/ac6/systemworkbench/plugins/fr.ac6.mcu.externaltools.arm-none.win32_1.7.0.201602121829/tools/compiler/bin/../lib/gcc/arm-none-eabi/5.2.1/armv7-m/crtend.o
LOAD c:/ac6/systemworkbench/plugins/fr.ac6.mcu.externaltools.arm-none.win32_1.7.0.201602121829/tools/compiler/bin/../lib/gcc/arm-none-eabi/5.2.1/armv7-m/crtn.o
                0x20006000                _estack = 0x20006000
                0x00000000                _Min_Heap_Size = 0x0
                0x00000400                _Min_Stack_Size = 0x400

.isr_vector     0x08000000      0x188
                0x08000000                . = ALIGN (0x4)
 *(.isr_vector)
 .isr_vector    0x08000000      0x188 startup/startup_stm32.o
                0x08000000                g_pfnVectors
                0x08000188                . = ALIGN (0x4)

.text           0x08000188     0x5cd8
                0x08000188                . = ALIGN (0x4)
 *(.text)
 .text          0x08000188       0xa4 c:/ac6/systemworkbench/plugins/fr.ac6.mcu.externaltools.arm-none.win32_1.7.0.201602121829/tools/compiler/bin/../lib/gcc/arm-none-eabi/5.2.1/armv7-m/crtbegin.o
 .text          0x0800022c       0xec c:/ac6/systemworkbench/plugins/fr.ac6.mcu.externaltools.arm-none.win32_1.7.0.201602121829/tools/compiler/bin/../lib/gcc/arm-none-eabi/5.2.1/../../../../arm-none-eabi/lib/armv7-m\libc.a(lib_a-memcpy.o)
                0x0800022c                memcpy
 .text          0x08000318      0x370 c:/ac6/systemworkbench/plugins/fr.ac6.mcu.externaltools.arm-none.win32_1.7.0.201602121829/tools/compiler/bin/../lib/gcc/arm-none-eabi/5.2.1/armv7-m\libgcc.a(_arm_addsubdf3.o)
                0x08000318                __aeabi_drsub
                0x08000320                __aeabi_dsub
                0x08000320                __subdf3
                0x08000324                __aeabi_dadd
                0x08000324                __adddf3
                0x0800059c                __floatunsidf
                0x0800059c                __aeabi_ui2d
                0x080005bc                __floatsidf
                0x080005bc                __aeabi_i2d
                0x080005e0                __aeabi_f2d
                0x080005e0                __extendsfdf2
                0x0800061c                __floatundidf
                0x0800061c                __aeabi_ul2d
                0x0800062c                __floatdidf
                0x0800062c                __aeabi_l2d
 .text          0x08000688      0x424 c:/ac6/systemworkbench/plugins/fr.ac6.mcu.externaltools.arm-none.win32_1.7.0.201602121829/tools/compiler/bin/../lib/gcc/arm-none-eabi/5.2.1/armv7-m\libgcc.a(_arm_muldivdf3.o)
                0x08000688                __aeabi_dmul
                0x08000688                __muldf3
                0x080008dc                __divdf3
                0x080008dc                __aeabi_ddiv
 .text          0x08000aac      0x110 c:/ac6/systemworkbench/plugins/fr.ac6.mcu.externaltools.arm-none.win32_1.7.0.201602121829/tools/compiler/bin/../lib/gcc/arm-none-eabi/5.2.1/armv7-m\libgcc.a(_arm_cmpdf2.o)
                0x08000aac                __gtdf2
                0x08000aac                __gedf2
                0x08000ab4                __ltdf2
                0x08000ab4                __ledf2
                0x08000abc                __nedf2
                0x08000abc                __eqdf2
                0x08000abc                __cmpdf2
                0x08000b38                __aeabi_cdrcmple
                0x08000b48                __aeabi_cdcmpeq
                0x08000b48                __aeabi_cdcmple
                0x08000b58                __aeabi_dcmpeq
                0x08000b6c                __aeabi_dcmplt
                0x08000b80                __aeabi_dcmple
                0x08000b94                __aeabi_dcmpge
                0x08000ba8                __aeabi_dcmpgt
 .text          0x08000bbc       0x50 c:/ac6/systemworkbench/plugins/fr.ac6.mcu.externaltools.arm-none.win32_1.7.0.201602121829/tools/compiler/bin/../lib/gcc/arm-none-eabi/5.2.1/armv7-m\libgcc.a(_arm_fixdfsi.o)
                0x08000bbc                __aeabi_d2iz
                0x08000bbc                __fixdfsi
 .text          0x08000c0c       0x30 c:/ac6/systemworkbench/plugins/fr.ac6.mcu.externaltools.arm-none.win32_1.7.0.201602121829/tools/compiler/bin/../lib/gcc/arm-none-eabi/5.2.1/armv7-m\libgcc.a(_aeabi_uldivmod.o)
                0x08000c0c                __aeabi_uldivmod
 .text          0x08000c3c      0x2ec c:/ac6/systemworkbench/plugins/fr.ac6.mcu.externaltools.arm-none.win32_1.7.0.201602121829/tools/compiler/bin/../lib/gcc/arm-none-eabi/5.2.1/armv7-m\libgcc.a(_udivmoddi4.o)
                0x08000c3c                __udivmoddi4
 .text          0x08000f28        0x4 c:/ac6/systemworkbench/plugins/fr.ac6.mcu.externaltools.arm-none.win32_1.7.0.201602121829/tools/compiler/bin/../lib/gcc/arm-none-eabi/5.2.1/armv7-m\libgcc.a(_dvmd_tls.o)
                0x08000f28                __aeabi_idiv0
                0x08000f28                __aeabi_ldiv0
 *(.text*)
 .text.DelayInit
                0x08000f2c       0x48 src/delay.o
                0x08000f2c                DelayInit
 .text.NVIC_SetPriority
                0x08000f74       0x54 src/main.o
 .text.SysTick_Config
                0x08000fc8       0x44 src/main.o
 .text.main     0x0800100c       0x8c src/main.o
                0x0800100c                main
 .text.SysTick_Handler
                0x08001098       0x68 src/main.o
                0x08001098                SysTick_Handler
 .text.RCCInit  0x08001100       0x7c src/rcc.o
                0x08001100                RCCInit
 .text._sbrk    0x0800117c       0x58 src/syscalls.o
                0x0800117c                _sbrk
 .text.SystemInit
                0x080011d4       0x70 src/system_stm32f10x.o
                0x080011d4                SystemInit
 .text.SetSysClock
                0x08001244        0xc src/system_stm32f10x.o
 .text.SetSysClockTo24
                0x08001250       0xd4 src/system_stm32f10x.o
 .text.NVIC_EnableIRQ
                0x08001324       0x30 src/usart.o
 .text.USARTInit
                0x08001354       0xb4 src/usart.o
                0x08001354                USARTInit
 .text.USARTSendNow
                0x08001408       0x54 src/usart.o
                0x08001408                USARTSendNow
 .text.Reset_Handler
                0x0800145c       0x48 startup/startup_stm32.o
                0x0800145c                Reset_Handler
 .text.Default_Handler
                0x080014a4        0x2 startup/startup_stm32.o
                0x080014a4                DebugMon_Handler
                0x080014a4                HardFault_Handler
                0x080014a4                PendSV_Handler
                0x080014a4                NMI_Handler
                0x080014a4                UsageFault_Handler
                0x080014a4                Default_Handler
                0x080014a4                MemManage_Handler
                0x080014a4                SVC_Handler
                0x080014a4                BusFault_Handler
 *fill*         0x080014a6        0x2 
 .text.NVIC_Init
                0x080014a8       0xc4 C:\Users\freak\workspace\discovery2_stdperiph_lib\Debug\libdiscovery2_stdperiph_lib.a(misc.o)
                0x080014a8                NVIC_Init
 .text.FLASH_SetLatency
                0x0800156c       0x38 C:\Users\freak\workspace\discovery2_stdperiph_lib\Debug\libdiscovery2_stdperiph_lib.a(stm32f10x_flash.o)
                0x0800156c                FLASH_SetLatency
 .text.FLASH_PrefetchBufferCmd
                0x080015a4       0x30 C:\Users\freak\workspace\discovery2_stdperiph_lib\Debug\libdiscovery2_stdperiph_lib.a(stm32f10x_flash.o)
                0x080015a4                FLASH_PrefetchBufferCmd
 .text.GPIO_Init
                0x080015d4      0x178 C:\Users\freak\workspace\discovery2_stdperiph_lib\Debug\libdiscovery2_stdperiph_lib.a(stm32f10x_gpio.o)
                0x080015d4                GPIO_Init
 .text.GPIO_SetBits
                0x0800174c       0x1c C:\Users\freak\workspace\discovery2_stdperiph_lib\Debug\libdiscovery2_stdperiph_lib.a(stm32f10x_gpio.o)
                0x0800174c                GPIO_SetBits
 .text.RCC_DeInit
                0x08001768       0x64 C:\Users\freak\workspace\discovery2_stdperiph_lib\Debug\libdiscovery2_stdperiph_lib.a(stm32f10x_rcc.o)
                0x08001768                RCC_DeInit
 .text.RCC_HSEConfig
                0x080017cc       0x5c C:\Users\freak\workspace\discovery2_stdperiph_lib\Debug\libdiscovery2_stdperiph_lib.a(stm32f10x_rcc.o)
                0x080017cc                RCC_HSEConfig
 .text.RCC_WaitForHSEStartUp
                0x08001828       0x50 C:\Users\freak\workspace\discovery2_stdperiph_lib\Debug\libdiscovery2_stdperiph_lib.a(stm32f10x_rcc.o)
                0x08001828                RCC_WaitForHSEStartUp
 .text.RCC_PLLConfig
                0x08001878       0x3c C:\Users\freak\workspace\discovery2_stdperiph_lib\Debug\libdiscovery2_stdperiph_lib.a(stm32f10x_rcc.o)
                0x08001878                RCC_PLLConfig
 .text.RCC_PLLCmd
                0x080018b4       0x20 C:\Users\freak\workspace\discovery2_stdperiph_lib\Debug\libdiscovery2_stdperiph_lib.a(stm32f10x_rcc.o)
                0x080018b4                RCC_PLLCmd
 .text.RCC_SYSCLKConfig
                0x080018d4       0x38 C:\Users\freak\workspace\discovery2_stdperiph_lib\Debug\libdiscovery2_stdperiph_lib.a(stm32f10x_rcc.o)
                0x080018d4                RCC_SYSCLKConfig
 .text.RCC_GetSYSCLKSource
                0x0800190c       0x1c C:\Users\freak\workspace\discovery2_stdperiph_lib\Debug\libdiscovery2_stdperiph_lib.a(stm32f10x_rcc.o)
                0x0800190c                RCC_GetSYSCLKSource
 .text.RCC_HCLKConfig
                0x08001928       0x38 C:\Users\freak\workspace\discovery2_stdperiph_lib\Debug\libdiscovery2_stdperiph_lib.a(stm32f10x_rcc.o)
                0x08001928                RCC_HCLKConfig
 .text.RCC_PCLK1Config
                0x08001960       0x38 C:\Users\freak\workspace\discovery2_stdperiph_lib\Debug\libdiscovery2_stdperiph_lib.a(stm32f10x_rcc.o)
                0x08001960                RCC_PCLK1Config
 .text.RCC_PCLK2Config
                0x08001998       0x38 C:\Users\freak\workspace\discovery2_stdperiph_lib\Debug\libdiscovery2_stdperiph_lib.a(stm32f10x_rcc.o)
                0x08001998                RCC_PCLK2Config
 .text.RCC_GetClocksFreq
                0x080019d0      0x15c C:\Users\freak\workspace\discovery2_stdperiph_lib\Debug\libdiscovery2_stdperiph_lib.a(stm32f10x_rcc.o)
                0x080019d0                RCC_GetClocksFreq
 .text.RCC_APB2PeriphClockCmd
                0x08001b2c       0x3c C:\Users\freak\workspace\discovery2_stdperiph_lib\Debug\libdiscovery2_stdperiph_lib.a(stm32f10x_rcc.o)
                0x08001b2c                RCC_APB2PeriphClockCmd
 .text.RCC_APB1PeriphClockCmd
                0x08001b68       0x3c C:\Users\freak\workspace\discovery2_stdperiph_lib\Debug\libdiscovery2_stdperiph_lib.a(stm32f10x_rcc.o)
                0x08001b68                RCC_APB1PeriphClockCmd
 .text.RCC_GetFlagStatus
                0x08001ba4       0x74 C:\Users\freak\workspace\discovery2_stdperiph_lib\Debug\libdiscovery2_stdperiph_lib.a(stm32f10x_rcc.o)
                0x08001ba4                RCC_GetFlagStatus
 .text.TIM_TimeBaseInit
                0x08001c18       0xf8 C:\Users\freak\workspace\discovery2_stdperiph_lib\Debug\libdiscovery2_stdperiph_lib.a(stm32f10x_tim.o)
                0x08001c18                TIM_TimeBaseInit
 .text.TIM_TimeBaseStructInit
                0x08001d10       0x34 C:\Users\freak\workspace\discovery2_stdperiph_lib\Debug\libdiscovery2_stdperiph_lib.a(stm32f10x_tim.o)
                0x08001d10                TIM_TimeBaseStructInit
 .text.TIM_Cmd  0x08001d44       0x40 C:\Users\freak\workspace\discovery2_stdperiph_lib\Debug\libdiscovery2_stdperiph_lib.a(stm32f10x_tim.o)
                0x08001d44                TIM_Cmd
 .text.USART_Init
                0x08001d84      0x178 C:\Users\freak\workspace\discovery2_stdperiph_lib\Debug\libdiscovery2_stdperiph_lib.a(stm32f10x_usart.o)
                0x08001d84                USART_Init
 .text.USART_Cmd
                0x08001efc       0x40 C:\Users\freak\workspace\discovery2_stdperiph_lib\Debug\libdiscovery2_stdperiph_lib.a(stm32f10x_usart.o)
                0x08001efc                USART_Cmd
 .text.USART_ITConfig
                0x08001f3c       0x90 C:\Users\freak\workspace\discovery2_stdperiph_lib\Debug\libdiscovery2_stdperiph_lib.a(stm32f10x_usart.o)
                0x08001f3c                USART_ITConfig
 .text.USART_SendData
                0x08001fcc       0x24 C:\Users\freak\workspace\discovery2_stdperiph_lib\Debug\libdiscovery2_stdperiph_lib.a(stm32f10x_usart.o)
                0x08001fcc                USART_SendData
 .text.USART_GetFlagStatus
                0x08001ff0       0x38 C:\Users\freak\workspace\discovery2_stdperiph_lib\Debug\libdiscovery2_stdperiph_lib.a(stm32f10x_usart.o)
                0x08001ff0                USART_GetFlagStatus
 .text.__errno  0x08002028        0xc c:/ac6/systemworkbench/plugins/fr.ac6.mcu.externaltools.arm-none.win32_1.7.0.201602121829/tools/compiler/bin/../lib/gcc/arm-none-eabi/5.2.1/../../../../arm-none-eabi/lib/armv7-m\libc.a(lib_a-errno.o)
                0x08002028                __errno
 .text.__libc_init_array
                0x08002034       0x50 c:/ac6/systemworkbench/plugins/fr.ac6.mcu.externaltools.arm-none.win32_1.7.0.201602121829/tools/compiler/bin/../lib/gcc/arm-none-eabi/5.2.1/../../../../arm-none-eabi/lib/armv7-m\libc.a(lib_a-init.o)
                0x08002034                __libc_init_array
 .text.memset   0x08002084       0x9c c:/ac6/systemworkbench/plugins/fr.ac6.mcu.externaltools.arm-none.win32_1.7.0.201602121829/tools/compiler/bin/../lib/gcc/arm-none-eabi/5.2.1/../../../../arm-none-eabi/lib/armv7-m\libc.a(lib_a-memset.o)
                0x08002084                memset
 .text.sprintf  0x08002120       0x4c c:/ac6/systemworkbench/plugins/fr.ac6.mcu.externaltools.arm-none.win32_1.7.0.201602121829/tools/compiler/bin/../lib/gcc/arm-none-eabi/5.2.1/../../../../arm-none-eabi/lib/armv7-m\libc.a(lib_a-sprintf.o)
                0x08002120                sprintf
 .text.strlen   0x0800216c       0x5c c:/ac6/systemworkbench/plugins/fr.ac6.mcu.externaltools.arm-none.win32_1.7.0.201602121829/tools/compiler/bin/../lib/gcc/arm-none-eabi/5.2.1/../../../../arm-none-eabi/lib/armv7-m\libc.a(lib_a-strlen-stub.o)
                0x0800216c                strlen
 .text._svfprintf_r
                0x080021c8     0x1718 c:/ac6/systemworkbench/plugins/fr.ac6.mcu.externaltools.arm-none.win32_1.7.0.201602121829/tools/compiler/bin/../lib/gcc/arm-none-eabi/5.2.1/../../../../arm-none-eabi/lib/armv7-m\libc.a(lib_a-svfprintf.o)
                0x080021c8                _svfprintf_r
 .text.startup.register_fini
                0x080038e0       0x14 c:/ac6/systemworkbench/plugins/fr.ac6.mcu.externaltools.arm-none.win32_1.7.0.201602121829/tools/compiler/bin/../lib/gcc/arm-none-eabi/5.2.1/../../../../arm-none-eabi/lib/armv7-m\libc.a(lib_a-__call_atexit.o)
 .text.atexit   0x080038f4        0xc c:/ac6/systemworkbench/plugins/fr.ac6.mcu.externaltools.arm-none.win32_1.7.0.201602121829/tools/compiler/bin/../lib/gcc/arm-none-eabi/5.2.1/../../../../arm-none-eabi/lib/armv7-m\libc.a(lib_a-atexit.o)
                0x080038f4                atexit
 .text.quorem   0x08003900      0x12c c:/ac6/systemworkbench/plugins/fr.ac6.mcu.externaltools.arm-none.win32_1.7.0.201602121829/tools/compiler/bin/../lib/gcc/arm-none-eabi/5.2.1/../../../../arm-none-eabi/lib/armv7-m\libc.a(lib_a-dtoa.o)
 *fill*         0x08003a2c        0x4 
 .text._dtoa_r  0x08003a30      0xe4c c:/ac6/systemworkbench/plugins/fr.ac6.mcu.externaltools.arm-none.win32_1.7.0.201602121829/tools/compiler/bin/../lib/gcc/arm-none-eabi/5.2.1/../../../../arm-none-eabi/lib/armv7-m\libc.a(lib_a-dtoa.o)
                0x08003a30                _dtoa_r
 .text.__libc_fini_array
                0x0800487c       0x28 c:/ac6/systemworkbench/plugins/fr.ac6.mcu.externaltools.arm-none.win32_1.7.0.201602121829/tools/compiler/bin/../lib/gcc/arm-none-eabi/5.2.1/../../../../arm-none-eabi/lib/armv7-m\libc.a(lib_a-fini.o)
                0x0800487c                __libc_fini_array
 .text._localeconv_r
                0x080048a4        0x8 c:/ac6/systemworkbench/plugins/fr.ac6.mcu.externaltools.arm-none.win32_1.7.0.201602121829/tools/compiler/bin/../lib/gcc/arm-none-eabi/5.2.1/../../../../arm-none-eabi/lib/armv7-m\libc.a(lib_a-locale.o)
                0x080048a4                _localeconv_r
 .text._malloc_r
                0x080048ac      0x558 c:/ac6/systemworkbench/plugins/fr.ac6.mcu.externaltools.arm-none.win32_1.7.0.201602121829/tools/compiler/bin/../lib/gcc/arm-none-eabi/5.2.1/../../../../arm-none-eabi/lib/armv7-m\libc.a(lib_a-mallocr.o)
                0x080048ac                _malloc_r
 .text.memchr   0x08004e04       0x8c c:/ac6/systemworkbench/plugins/fr.ac6.mcu.externaltools.arm-none.win32_1.7.0.201602121829/tools/compiler/bin/../lib/gcc/arm-none-eabi/5.2.1/../../../../arm-none-eabi/lib/armv7-m\libc.a(lib_a-memchr-stub.o)
                0x08004e04                memchr
 .text.__malloc_lock
                0x08004e90        0x4 c:/ac6/systemworkbench/plugins/fr.ac6.mcu.externaltools.arm-none.win32_1.7.0.201602121829/tools/compiler/bin/../lib/gcc/arm-none-eabi/5.2.1/../../../../arm-none-eabi/lib/armv7-m\libc.a(lib_a-mlock.o)
                0x08004e90                __malloc_lock
 .text.__malloc_unlock
                0x08004e94        0x4 c:/ac6/systemworkbench/plugins/fr.ac6.mcu.externaltools.arm-none.win32_1.7.0.201602121829/tools/compiler/bin/../lib/gcc/arm-none-eabi/5.2.1/../../../../arm-none-eabi/lib/armv7-m\libc.a(lib_a-mlock.o)
                0x08004e94                __malloc_unlock
 .text._Balloc  0x08004e98       0x50 c:/ac6/systemworkbench/plugins/fr.ac6.mcu.externaltools.arm-none.win32_1.7.0.201602121829/tools/compiler/bin/../lib/gcc/arm-none-eabi/5.2.1/../../../../arm-none-eabi/lib/armv7-m\libc.a(lib_a-mprec.o)
                0x08004e98                _Balloc
 .text._Bfree   0x08004ee8       0x14 c:/ac6/systemworkbench/plugins/fr.ac6.mcu.externaltools.arm-none.win32_1.7.0.201602121829/tools/compiler/bin/../lib/gcc/arm-none-eabi/5.2.1/../../../../arm-none-eabi/lib/armv7-m\libc.a(lib_a-mprec.o)
                0x08004ee8                _Bfree
 .text.__multadd
                0x08004efc       0x80 c:/ac6/systemworkbench/plugins/fr.ac6.mcu.externaltools.arm-none.win32_1.7.0.201602121829/tools/compiler/bin/../lib/gcc/arm-none-eabi/5.2.1/../../../../arm-none-eabi/lib/armv7-m\libc.a(lib_a-mprec.o)
                0x08004efc                __multadd
 .text.__hi0bits
                0x08004f7c       0x40 c:/ac6/systemworkbench/plugins/fr.ac6.mcu.externaltools.arm-none.win32_1.7.0.201602121829/tools/compiler/bin/../lib/gcc/arm-none-eabi/5.2.1/../../../../arm-none-eabi/lib/armv7-m\libc.a(lib_a-mprec.o)
                0x08004f7c                __hi0bits
 .text.__lo0bits
                0x08004fbc       0x5c c:/ac6/systemworkbench/plugins/fr.ac6.mcu.externaltools.arm-none.win32_1.7.0.201602121829/tools/compiler/bin/../lib/gcc/arm-none-eabi/5.2.1/../../../../arm-none-eabi/lib/armv7-m\libc.a(lib_a-mprec.o)
                0x08004fbc                __lo0bits
 .text.__i2b    0x08005018       0x14 c:/ac6/systemworkbench/plugins/fr.ac6.mcu.externaltools.arm-none.win32_1.7.0.201602121829/tools/compiler/bin/../lib/gcc/arm-none-eabi/5.2.1/../../../../arm-none-eabi/lib/armv7-m\libc.a(lib_a-mprec.o)
                0x08005018                __i2b
 .text.__multiply
                0x0800502c      0x13c c:/ac6/systemworkbench/plugins/fr.ac6.mcu.externaltools.arm-none.win32_1.7.0.201602121829/tools/compiler/bin/../lib/gcc/arm-none-eabi/5.2.1/../../../../arm-none-eabi/lib/armv7-m\libc.a(lib_a-mprec.o)
                0x0800502c                __multiply
 .text.__pow5mult
                0x08005168       0xa0 c:/ac6/systemworkbench/plugins/fr.ac6.mcu.externaltools.arm-none.win32_1.7.0.201602121829/tools/compiler/bin/../lib/gcc/arm-none-eabi/5.2.1/../../../../arm-none-eabi/lib/armv7-m\libc.a(lib_a-mprec.o)
                0x08005168                __pow5mult
 .text.__lshift
                0x08005208       0xac c:/ac6/systemworkbench/plugins/fr.ac6.mcu.externaltools.arm-none.win32_1.7.0.201602121829/tools/compiler/bin/../lib/gcc/arm-none-eabi/5.2.1/../../../../arm-none-eabi/lib/armv7-m\libc.a(lib_a-mprec.o)
                0x08005208                __lshift
 .text.__mcmp   0x080052b4       0x40 c:/ac6/systemworkbench/plugins/fr.ac6.mcu.externaltools.arm-none.win32_1.7.0.201602121829/tools/compiler/bin/../lib/gcc/arm-none-eabi/5.2.1/../../../../arm-none-eabi/lib/armv7-m\libc.a(lib_a-mprec.o)
                0x080052b4                __mcmp
 .text.__mdiff  0x080052f4      0x128 c:/ac6/systemworkbench/plugins/fr.ac6.mcu.externaltools.arm-none.win32_1.7.0.201602121829/tools/compiler/bin/../lib/gcc/arm-none-eabi/5.2.1/../../../../arm-none-eabi/lib/armv7-m\libc.a(lib_a-mprec.o)
                0x080052f4                __mdiff
 .text.__d2b    0x0800541c       0xa8 c:/ac6/systemworkbench/plugins/fr.ac6.mcu.externaltools.arm-none.win32_1.7.0.201602121829/tools/compiler/bin/../lib/gcc/arm-none-eabi/5.2.1/../../../../arm-none-eabi/lib/armv7-m\libc.a(lib_a-mprec.o)
                0x0800541c                __d2b
 .text.__fpclassifyd
                0x080054c4       0x54 c:/ac6/systemworkbench/plugins/fr.ac6.mcu.externaltools.arm-none.win32_1.7.0.201602121829/tools/compiler/bin/../lib/gcc/arm-none-eabi/5.2.1/../../../../arm-none-eabi/lib/armv7-m\libc.a(lib_a-s_fpclassify.o)
                0x080054c4                __fpclassifyd
 .text._sbrk_r  0x08005518       0x24 c:/ac6/systemworkbench/plugins/fr.ac6.mcu.externaltools.arm-none.win32_1.7.0.201602121829/tools/compiler/bin/../lib/gcc/arm-none-eabi/5.2.1/../../../../arm-none-eabi/lib/armv7-m\libc.a(lib_a-sbrkr.o)
                0x08005518                _sbrk_r
 .text.__ssprint_r
                0x0800553c      0x100 c:/ac6/systemworkbench/plugins/fr.ac6.mcu.externaltools.arm-none.win32_1.7.0.201602121829/tools/compiler/bin/../lib/gcc/arm-none-eabi/5.2.1/../../../../arm-none-eabi/lib/armv7-m\libc.a(lib_a-svfiprintf.o)
                0x0800553c                __ssprint_r
 .text.__register_exitproc
                0x0800563c       0xa4 c:/ac6/systemworkbench/plugins/fr.ac6.mcu.externaltools.arm-none.win32_1.7.0.201602121829/tools/compiler/bin/../lib/gcc/arm-none-eabi/5.2.1/../../../../arm-none-eabi/lib/armv7-m\libc.a(lib_a-__atexit.o)
                0x0800563c                __register_exitproc
 .text._calloc_r
                0x080056e0       0x60 c:/ac6/systemworkbench/plugins/fr.ac6.mcu.externaltools.arm-none.win32_1.7.0.201602121829/tools/compiler/bin/../lib/gcc/arm-none-eabi/5.2.1/../../../../arm-none-eabi/lib/armv7-m\libc.a(lib_a-callocr.o)
                0x080056e0                _calloc_r
 .text._malloc_trim_r
                0x08005740       0x9c c:/ac6/systemworkbench/plugins/fr.ac6.mcu.externaltools.arm-none.win32_1.7.0.201602121829/tools/compiler/bin/../lib/gcc/arm-none-eabi/5.2.1/../../../../arm-none-eabi/lib/armv7-m\libc.a(lib_a-freer.o)
                0x08005740                _malloc_trim_r
 .text._free_r  0x080057dc      0x1d0 c:/ac6/systemworkbench/plugins/fr.ac6.mcu.externaltools.arm-none.win32_1.7.0.201602121829/tools/compiler/bin/../lib/gcc/arm-none-eabi/5.2.1/../../../../arm-none-eabi/lib/armv7-m\libc.a(lib_a-freer.o)
                0x080057dc                _free_r
 .text.memmove  0x080059ac       0xc8 c:/ac6/systemworkbench/plugins/fr.ac6.mcu.externaltools.arm-none.win32_1.7.0.201602121829/tools/compiler/bin/../lib/gcc/arm-none-eabi/5.2.1/../../../../arm-none-eabi/lib/armv7-m\libc.a(lib_a-memmove.o)
                0x080059ac                memmove
 .text._realloc_r
                0x08005a74      0x3d4 c:/ac6/systemworkbench/plugins/fr.ac6.mcu.externaltools.arm-none.win32_1.7.0.201602121829/tools/compiler/bin/../lib/gcc/arm-none-eabi/5.2.1/../../../../arm-none-eabi/lib/armv7-m\libc.a(lib_a-reallocr.o)
                0x08005a74                _realloc_r
 *(.glue_7)
 .glue_7        0x08005e48        0x0 linker stubs
 *(.glue_7t)
 .glue_7t       0x08005e48        0x0 linker stubs
 *(.eh_frame)
 .eh_frame      0x08005e48        0x0 c:/ac6/systemworkbench/plugins/fr.ac6.mcu.externaltools.arm-none.win32_1.7.0.201602121829/tools/compiler/bin/../lib/gcc/arm-none-eabi/5.2.1/armv7-m/crtbegin.o
 *(.init)
 .init          0x08005e48        0x4 c:/ac6/systemworkbench/plugins/fr.ac6.mcu.externaltools.arm-none.win32_1.7.0.201602121829/tools/compiler/bin/../lib/gcc/arm-none-eabi/5.2.1/armv7-m/crti.o
                0x08005e48                _init
 .init          0x08005e4c        0x8 c:/ac6/systemworkbench/plugins/fr.ac6.mcu.externaltools.arm-none.win32_1.7.0.201602121829/tools/compiler/bin/../lib/gcc/arm-none-eabi/5.2.1/armv7-m/crtn.o
 *(.fini)
 .fini          0x08005e54        0x4 c:/ac6/systemworkbench/plugins/fr.ac6.mcu.externaltools.arm-none.win32_1.7.0.201602121829/tools/compiler/bin/../lib/gcc/arm-none-eabi/5.2.1/armv7-m/crti.o
                0x08005e54                _fini
 .fini          0x08005e58        0x8 c:/ac6/systemworkbench/plugins/fr.ac6.mcu.externaltools.arm-none.win32_1.7.0.201602121829/tools/compiler/bin/../lib/gcc/arm-none-eabi/5.2.1/armv7-m/crtn.o
                0x08005e60                . = ALIGN (0x4)
                0x08005e60                _etext = .

.vfp11_veneer   0x08005e60        0x0
 .vfp11_veneer  0x08005e60        0x0 linker stubs

.v4_bx          0x08005e60        0x0
 .v4_bx         0x08005e60        0x0 linker stubs

.iplt           0x08005e60        0x0
 .iplt          0x08005e60        0x0 c:/ac6/systemworkbench/plugins/fr.ac6.mcu.externaltools.arm-none.win32_1.7.0.201602121829/tools/compiler/bin/../lib/gcc/arm-none-eabi/5.2.1/armv7-m/crtbegin.o

.rodata         0x08005e60      0x1b0
                0x08005e60                . = ALIGN (0x4)
 *(.rodata)
 .rodata        0x08005e60       0x28 src/main.o
 *(.rodata*)
 .rodata.str1.4
                0x08005e88        0x2 c:/ac6/systemworkbench/plugins/fr.ac6.mcu.externaltools.arm-none.win32_1.7.0.201602121829/tools/compiler/bin/../lib/gcc/arm-none-eabi/5.2.1/../../../../arm-none-eabi/lib/armv7-m\libc.a(lib_a-impure.o)
 *fill*         0x08005e8a        0x2 
 .rodata._global_impure_ptr
                0x08005e8c        0x4 c:/ac6/systemworkbench/plugins/fr.ac6.mcu.externaltools.arm-none.win32_1.7.0.201602121829/tools/compiler/bin/../lib/gcc/arm-none-eabi/5.2.1/../../../../arm-none-eabi/lib/armv7-m\libc.a(lib_a-impure.o)
                0x08005e8c                _global_impure_ptr
 .rodata.blanks.7007
                0x08005e90       0x10 c:/ac6/systemworkbench/plugins/fr.ac6.mcu.externaltools.arm-none.win32_1.7.0.201602121829/tools/compiler/bin/../lib/gcc/arm-none-eabi/5.2.1/../../../../arm-none-eabi/lib/armv7-m\libc.a(lib_a-svfprintf.o)
 .rodata.str1.4
                0x08005ea0       0x42 c:/ac6/systemworkbench/plugins/fr.ac6.mcu.externaltools.arm-none.win32_1.7.0.201602121829/tools/compiler/bin/../lib/gcc/arm-none-eabi/5.2.1/../../../../arm-none-eabi/lib/armv7-m\libc.a(lib_a-svfprintf.o)
 *fill*         0x08005ee2        0x2 
 .rodata.zeroes.7008
                0x08005ee4       0x10 c:/ac6/systemworkbench/plugins/fr.ac6.mcu.externaltools.arm-none.win32_1.7.0.201602121829/tools/compiler/bin/../lib/gcc/arm-none-eabi/5.2.1/../../../../arm-none-eabi/lib/armv7-m\libc.a(lib_a-svfprintf.o)
 .rodata.str1.4
                0x08005ef4       0x10 c:/ac6/systemworkbench/plugins/fr.ac6.mcu.externaltools.arm-none.win32_1.7.0.201602121829/tools/compiler/bin/../lib/gcc/arm-none-eabi/5.2.1/../../../../arm-none-eabi/lib/armv7-m\libc.a(lib_a-dtoa.o)
                                 0x12 (size before relaxing)
 .rodata.str1.4
                0x08005f04        0xc c:/ac6/systemworkbench/plugins/fr.ac6.mcu.externaltools.arm-none.win32_1.7.0.201602121829/tools/compiler/bin/../lib/gcc/arm-none-eabi/5.2.1/../../../../arm-none-eabi/lib/armv7-m\libc.a(lib_a-locale.o)
                                 0x12 (size before relaxing)
 .rodata.p05.5402
                0x08005f10        0xc c:/ac6/systemworkbench/plugins/fr.ac6.mcu.externaltools.arm-none.win32_1.7.0.201602121829/tools/compiler/bin/../lib/gcc/arm-none-eabi/5.2.1/../../../../arm-none-eabi/lib/armv7-m\libc.a(lib_a-mprec.o)
 *fill*         0x08005f1c        0x4 
 .rodata.__mprec_tens
                0x08005f20       0xc8 c:/ac6/systemworkbench/plugins/fr.ac6.mcu.externaltools.arm-none.win32_1.7.0.201602121829/tools/compiler/bin/../lib/gcc/arm-none-eabi/5.2.1/../../../../arm-none-eabi/lib/armv7-m\libc.a(lib_a-mprec.o)
                0x08005f20                __mprec_tens
 .rodata.__mprec_bigtens
                0x08005fe8       0x28 c:/ac6/systemworkbench/plugins/fr.ac6.mcu.externaltools.arm-none.win32_1.7.0.201602121829/tools/compiler/bin/../lib/gcc/arm-none-eabi/5.2.1/../../../../arm-none-eabi/lib/armv7-m\libc.a(lib_a-mprec.o)
                0x08005fe8                __mprec_bigtens
                0x08006010                . = ALIGN (0x4)

.ARM.extab      0x08006010        0x0
                0x08006010                . = ALIGN (0x4)
 *(.ARM.extab* .gnu.linkonce.armextab.*)
                0x08006010                . = ALIGN (0x4)

.ARM            0x08006010        0x8
                0x08006010                . = ALIGN (0x4)
                0x08006010                __exidx_start = .
 *(.ARM.exidx*)
 .ARM.exidx     0x08006010        0x8 c:/ac6/systemworkbench/plugins/fr.ac6.mcu.externaltools.arm-none.win32_1.7.0.201602121829/tools/compiler/bin/../lib/gcc/arm-none-eabi/5.2.1/armv7-m\libgcc.a(_udivmoddi4.o)
                0x08006018                __exidx_end = .
                0x08006018                . = ALIGN (0x4)

.rel.dyn        0x08006018        0x0
 .rel.iplt      0x08006018        0x0 c:/ac6/systemworkbench/plugins/fr.ac6.mcu.externaltools.arm-none.win32_1.7.0.201602121829/tools/compiler/bin/../lib/gcc/arm-none-eabi/5.2.1/armv7-m/crtbegin.o

.preinit_array  0x08006018        0x0
                0x08006018                . = ALIGN (0x4)
                0x08006018                PROVIDE (__preinit_array_start, .)
 *(.preinit_array*)
                0x08006018                PROVIDE (__preinit_array_end, .)
                0x08006018                . = ALIGN (0x4)

.init_array     0x08006018        0x8
                0x08006018                . = ALIGN (0x4)
                0x08006018                PROVIDE (__init_array_start, .)
 *(SORT(.init_array.*))
 .init_array.00000
                0x08006018        0x4 c:/ac6/systemworkbench/plugins/fr.ac6.mcu.externaltools.arm-none.win32_1.7.0.201602121829/tools/compiler/bin/../lib/gcc/arm-none-eabi/5.2.1/../../../../arm-none-eabi/lib/armv7-m\libc.a(lib_a-__call_atexit.o)
 *(.init_array*)
 .init_array    0x0800601c        0x4 c:/ac6/systemworkbench/plugins/fr.ac6.mcu.externaltools.arm-none.win32_1.7.0.201602121829/tools/compiler/bin/../lib/gcc/arm-none-eabi/5.2.1/armv7-m/crtbegin.o
                0x08006020                PROVIDE (__init_array_end, .)
                0x08006020                . = ALIGN (0x4)

.fini_array     0x08006020        0x4
                0x08006020                . = ALIGN (0x4)
                0x08006020                PROVIDE (__fini_array_start, .)
 *(SORT(.fini_array.*))
 *(.fini_array*)
 .fini_array    0x08006020        0x4 c:/ac6/systemworkbench/plugins/fr.ac6.mcu.externaltools.arm-none.win32_1.7.0.201602121829/tools/compiler/bin/../lib/gcc/arm-none-eabi/5.2.1/armv7-m/crtbegin.o
                0x08006024                PROVIDE (__fini_array_end, .)
                0x08006024                . = ALIGN (0x4)
                0x08006024                _sidata = LOADADDR (.data)

.data           0x20000000      0x88c load address 0x08006024
                0x20000000                . = ALIGN (0x4)
                0x20000000                _sdata = .
 *(.data)
 .data          0x20000000       0x14 C:\Users\freak\workspace\discovery2_stdperiph_lib\Debug\libdiscovery2_stdperiph_lib.a(stm32f10x_rcc.o)
 *(.data*)
 *fill*         0x20000014        0x4 
 .data.impure_data
                0x20000018      0x428 c:/ac6/systemworkbench/plugins/fr.ac6.mcu.externaltools.arm-none.win32_1.7.0.201602121829/tools/compiler/bin/../lib/gcc/arm-none-eabi/5.2.1/../../../../arm-none-eabi/lib/armv7-m\libc.a(lib_a-impure.o)
 .data._impure_ptr
                0x20000440        0x4 c:/ac6/systemworkbench/plugins/fr.ac6.mcu.externaltools.arm-none.win32_1.7.0.201602121829/tools/compiler/bin/../lib/gcc/arm-none-eabi/5.2.1/../../../../arm-none-eabi/lib/armv7-m\libc.a(lib_a-impure.o)
                0x20000440                _impure_ptr
 .data.lconv    0x20000444       0x38 c:/ac6/systemworkbench/plugins/fr.ac6.mcu.externaltools.arm-none.win32_1.7.0.201602121829/tools/compiler/bin/../lib/gcc/arm-none-eabi/5.2.1/../../../../arm-none-eabi/lib/armv7-m\libc.a(lib_a-locale.o)
 .data.__malloc_av_
                0x2000047c      0x408 c:/ac6/systemworkbench/plugins/fr.ac6.mcu.externaltools.arm-none.win32_1.7.0.201602121829/tools/compiler/bin/../lib/gcc/arm-none-eabi/5.2.1/../../../../arm-none-eabi/lib/armv7-m\libc.a(lib_a-mallocr.o)
                0x2000047c                __malloc_av_
 .data.__malloc_trim_threshold
                0x20000884        0x4 c:/ac6/systemworkbench/plugins/fr.ac6.mcu.externaltools.arm-none.win32_1.7.0.201602121829/tools/compiler/bin/../lib/gcc/arm-none-eabi/5.2.1/../../../../arm-none-eabi/lib/armv7-m\libc.a(lib_a-mallocr.o)
                0x20000884                __malloc_trim_threshold
 .data.__malloc_sbrk_base
                0x20000888        0x4 c:/ac6/systemworkbench/plugins/fr.ac6.mcu.externaltools.arm-none.win32_1.7.0.201602121829/tools/compiler/bin/../lib/gcc/arm-none-eabi/5.2.1/../../../../arm-none-eabi/lib/armv7-m\libc.a(lib_a-mallocr.o)
                0x20000888                __malloc_sbrk_base
                0x2000088c                . = ALIGN (0x4)
                0x2000088c                _edata = .

.jcr            0x2000088c        0x0 load address 0x080068b0
 .jcr           0x2000088c        0x0 c:/ac6/systemworkbench/plugins/fr.ac6.mcu.externaltools.arm-none.win32_1.7.0.201602121829/tools/compiler/bin/../lib/gcc/arm-none-eabi/5.2.1/armv7-m/crtbegin.o

.tm_clone_table
                0x2000088c        0x0 load address 0x080068b0
 .tm_clone_table
                0x2000088c        0x0 c:/ac6/systemworkbench/plugins/fr.ac6.mcu.externaltools.arm-none.win32_1.7.0.201602121829/tools/compiler/bin/../lib/gcc/arm-none-eabi/5.2.1/armv7-m/crtbegin.o
 .tm_clone_table
                0x2000088c        0x0 c:/ac6/systemworkbench/plugins/fr.ac6.mcu.externaltools.arm-none.win32_1.7.0.201602121829/tools/compiler/bin/../lib/gcc/arm-none-eabi/5.2.1/armv7-m/crtend.o

.igot.plt       0x2000088c        0x0 load address 0x080068b0
 .igot.plt      0x2000088c        0x0 c:/ac6/systemworkbench/plugins/fr.ac6.mcu.externaltools.arm-none.win32_1.7.0.201602121829/tools/compiler/bin/../lib/gcc/arm-none-eabi/5.2.1/armv7-m/crtbegin.o
                0x2000088c                . = ALIGN (0x4)

.bss            0x2000088c       0x60 load address 0x080068b0
                0x2000088c                _sbss = .
                0x2000088c                __bss_start__ = _sbss
 *(.bss)
 .bss           0x2000088c       0x1c c:/ac6/systemworkbench/plugins/fr.ac6.mcu.externaltools.arm-none.win32_1.7.0.201602121829/tools/compiler/bin/../lib/gcc/arm-none-eabi/5.2.1/armv7-m/crtbegin.o
 .bss           0x200008a8        0x2 src/main.o
                0x200008a8                systick_counter
 *fill*         0x200008aa        0x2 
 .bss           0x200008ac        0x8 src/syscalls.o
                0x200008ac                __env
 *(.bss*)
 .bss.__malloc_max_total_mem
                0x200008b4        0x4 c:/ac6/systemworkbench/plugins/fr.ac6.mcu.externaltools.arm-none.win32_1.7.0.201602121829/tools/compiler/bin/../lib/gcc/arm-none-eabi/5.2.1/../../../../arm-none-eabi/lib/armv7-m\libc.a(lib_a-mallocr.o)
                0x200008b4                __malloc_max_total_mem
 .bss.__malloc_max_sbrked_mem
                0x200008b8        0x4 c:/ac6/systemworkbench/plugins/fr.ac6.mcu.externaltools.arm-none.win32_1.7.0.201602121829/tools/compiler/bin/../lib/gcc/arm-none-eabi/5.2.1/../../../../arm-none-eabi/lib/armv7-m\libc.a(lib_a-mallocr.o)
                0x200008b8                __malloc_max_sbrked_mem
 .bss.__malloc_top_pad
                0x200008bc        0x4 c:/ac6/systemworkbench/plugins/fr.ac6.mcu.externaltools.arm-none.win32_1.7.0.201602121829/tools/compiler/bin/../lib/gcc/arm-none-eabi/5.2.1/../../../../arm-none-eabi/lib/armv7-m\libc.a(lib_a-mallocr.o)
                0x200008bc                __malloc_top_pad
 .bss.__malloc_current_mallinfo
                0x200008c0       0x28 c:/ac6/systemworkbench/plugins/fr.ac6.mcu.externaltools.arm-none.win32_1.7.0.201602121829/tools/compiler/bin/../lib/gcc/arm-none-eabi/5.2.1/../../../../arm-none-eabi/lib/armv7-m\libc.a(lib_a-mallocr.o)
                0x200008c0                __malloc_current_mallinfo
 *(COMMON)
 COMMON         0x200008e8        0x4 c:/ac6/systemworkbench/plugins/fr.ac6.mcu.externaltools.arm-none.win32_1.7.0.201602121829/tools/compiler/bin/../lib/gcc/arm-none-eabi/5.2.1/../../../../arm-none-eabi/lib/armv7-m\libc.a(lib_a-reent.o)
                0x200008e8                errno
                0x200008ec                . = ALIGN (0x4)
                0x200008ec                _ebss = .
                0x200008ec                __bss_end__ = _ebss

._user_heap_stack
                0x200008ec      0x404 load address 0x080068b0
                0x200008f0                . = ALIGN (0x8)
 *fill*         0x200008ec        0x4 
                0x200008f0                PROVIDE (end, .)
                [!provide]                PROVIDE (_end, .)
                0x200008f0                . = (. + _Min_Heap_Size)
                0x20000cf0                . = (. + _Min_Stack_Size)
 *fill*         0x200008f0      0x400 
                0x20000cf0                . = ALIGN (0x8)

/DISCARD/
 libc.a(*)
 libm.a(*)
 libgcc.a(*)

.ARM.attributes
                0x00000000       0x29
 *(.ARM.attributes)
 .ARM.attributes
                0x00000000       0x1d c:/ac6/systemworkbench/plugins/fr.ac6.mcu.externaltools.arm-none.win32_1.7.0.201602121829/tools/compiler/bin/../lib/gcc/arm-none-eabi/5.2.1/armv7-m/crti.o
 .ARM.attributes
                0x0000001d       0x2d c:/ac6/systemworkbench/plugins/fr.ac6.mcu.externaltools.arm-none.win32_1.7.0.201602121829/tools/compiler/bin/../lib/gcc/arm-none-eabi/5.2.1/armv7-m/crtbegin.o
 .ARM.attributes
                0x0000004a       0x33 src/delay.o
 .ARM.attributes
                0x0000007d       0x33 src/main.o
 .ARM.attributes
                0x000000b0       0x33 src/rcc.o
 .ARM.attributes
                0x000000e3       0x33 src/syscalls.o
 .ARM.attributes
                0x00000116       0x33 src/system_stm32f10x.o
 .ARM.attributes
                0x00000149       0x33 src/usart.o
 .ARM.attributes
                0x0000017c       0x21 startup/startup_stm32.o
 .ARM.attributes
                0x0000019d       0x33 C:\Users\freak\workspace\discovery2_stdperiph_lib\Debug\libdiscovery2_stdperiph_lib.a(misc.o)
 .ARM.attributes
                0x000001d0       0x33 C:\Users\freak\workspace\discovery2_stdperiph_lib\Debug\libdiscovery2_stdperiph_lib.a(stm32f10x_flash.o)
 .ARM.attributes
                0x00000203       0x33 C:\Users\freak\workspace\discovery2_stdperiph_lib\Debug\libdiscovery2_stdperiph_lib.a(stm32f10x_gpio.o)
 .ARM.attributes
                0x00000236       0x33 C:\Users\freak\workspace\discovery2_stdperiph_lib\Debug\libdiscovery2_stdperiph_lib.a(stm32f10x_rcc.o)
 .ARM.attributes
                0x00000269       0x33 C:\Users\freak\workspace\discovery2_stdperiph_lib\Debug\libdiscovery2_stdperiph_lib.a(stm32f10x_tim.o)
 .ARM.attributes
                0x0000029c       0x33 C:\Users\freak\workspace\discovery2_stdperiph_lib\Debug\libdiscovery2_stdperiph_lib.a(stm32f10x_usart.o)
 .ARM.attributes
                0x000002cf       0x2d c:/ac6/systemworkbench/plugins/fr.ac6.mcu.externaltools.arm-none.win32_1.7.0.201602121829/tools/compiler/bin/../lib/gcc/arm-none-eabi/5.2.1/../../../../arm-none-eabi/lib/armv7-m\libc.a(lib_a-errno.o)
 .ARM.attributes
                0x000002fc       0x2d c:/ac6/systemworkbench/plugins/fr.ac6.mcu.externaltools.arm-none.win32_1.7.0.201602121829/tools/compiler/bin/../lib/gcc/arm-none-eabi/5.2.1/../../../../arm-none-eabi/lib/armv7-m\libc.a(lib_a-impure.o)
 .ARM.attributes
                0x00000329       0x2d c:/ac6/systemworkbench/plugins/fr.ac6.mcu.externaltools.arm-none.win32_1.7.0.201602121829/tools/compiler/bin/../lib/gcc/arm-none-eabi/5.2.1/../../../../arm-none-eabi/lib/armv7-m\libc.a(lib_a-init.o)
 .ARM.attributes
                0x00000356       0x2d c:/ac6/systemworkbench/plugins/fr.ac6.mcu.externaltools.arm-none.win32_1.7.0.201602121829/tools/compiler/bin/../lib/gcc/arm-none-eabi/5.2.1/../../../../arm-none-eabi/lib/armv7-m\libc.a(lib_a-memset.o)
 .ARM.attributes
                0x00000383       0x2d c:/ac6/systemworkbench/plugins/fr.ac6.mcu.externaltools.arm-none.win32_1.7.0.201602121829/tools/compiler/bin/../lib/gcc/arm-none-eabi/5.2.1/../../../../arm-none-eabi/lib/armv7-m\libc.a(lib_a-sprintf.o)
 .ARM.attributes
                0x000003b0       0x2d c:/ac6/systemworkbench/plugins/fr.ac6.mcu.externaltools.arm-none.win32_1.7.0.201602121829/tools/compiler/bin/../lib/gcc/arm-none-eabi/5.2.1/../../../../arm-none-eabi/lib/armv7-m\libc.a(lib_a-strlen-stub.o)
 .ARM.attributes
                0x000003dd       0x2d c:/ac6/systemworkbench/plugins/fr.ac6.mcu.externaltools.arm-none.win32_1.7.0.201602121829/tools/compiler/bin/../lib/gcc/arm-none-eabi/5.2.1/../../../../arm-none-eabi/lib/armv7-m\libc.a(lib_a-svfprintf.o)
 .ARM.attributes
                0x0000040a       0x2d c:/ac6/systemworkbench/plugins/fr.ac6.mcu.externaltools.arm-none.win32_1.7.0.201602121829/tools/compiler/bin/../lib/gcc/arm-none-eabi/5.2.1/../../../../arm-none-eabi/lib/armv7-m\libc.a(lib_a-__call_atexit.o)
 .ARM.attributes
                0x00000437       0x2d c:/ac6/systemworkbench/plugins/fr.ac6.mcu.externaltools.arm-none.win32_1.7.0.201602121829/tools/compiler/bin/../lib/gcc/arm-none-eabi/5.2.1/../../../../arm-none-eabi/lib/armv7-m\libc.a(lib_a-atexit.o)
 .ARM.attributes
                0x00000464       0x2d c:/ac6/systemworkbench/plugins/fr.ac6.mcu.externaltools.arm-none.win32_1.7.0.201602121829/tools/compiler/bin/../lib/gcc/arm-none-eabi/5.2.1/../../../../arm-none-eabi/lib/armv7-m\libc.a(lib_a-dtoa.o)
 .ARM.attributes
                0x00000491       0x2d c:/ac6/systemworkbench/plugins/fr.ac6.mcu.externaltools.arm-none.win32_1.7.0.201602121829/tools/compiler/bin/../lib/gcc/arm-none-eabi/5.2.1/../../../../arm-none-eabi/lib/armv7-m\libc.a(lib_a-fini.o)
 .ARM.attributes
                0x000004be       0x2d c:/ac6/systemworkbench/plugins/fr.ac6.mcu.externaltools.arm-none.win32_1.7.0.201602121829/tools/compiler/bin/../lib/gcc/arm-none-eabi/5.2.1/../../../../arm-none-eabi/lib/armv7-m\libc.a(lib_a-locale.o)
 .ARM.attributes
                0x000004eb       0x2d c:/ac6/systemworkbench/plugins/fr.ac6.mcu.externaltools.arm-none.win32_1.7.0.201602121829/tools/compiler/bin/../lib/gcc/arm-none-eabi/5.2.1/../../../../arm-none-eabi/lib/armv7-m\libc.a(lib_a-mallocr.o)
 .ARM.attributes
                0x00000518       0x2d c:/ac6/systemworkbench/plugins/fr.ac6.mcu.externaltools.arm-none.win32_1.7.0.201602121829/tools/compiler/bin/../lib/gcc/arm-none-eabi/5.2.1/../../../../arm-none-eabi/lib/armv7-m\libc.a(lib_a-memchr-stub.o)
 .ARM.attributes
                0x00000545       0x1b c:/ac6/systemworkbench/plugins/fr.ac6.mcu.externaltools.arm-none.win32_1.7.0.201602121829/tools/compiler/bin/../lib/gcc/arm-none-eabi/5.2.1/../../../../arm-none-eabi/lib/armv7-m\libc.a(lib_a-memcpy.o)
 .ARM.attributes
                0x00000560       0x2d c:/ac6/systemworkbench/plugins/fr.ac6.mcu.externaltools.arm-none.win32_1.7.0.201602121829/tools/compiler/bin/../lib/gcc/arm-none-eabi/5.2.1/../../../../arm-none-eabi/lib/armv7-m\libc.a(lib_a-mlock.o)
 .ARM.attributes
                0x0000058d       0x2d c:/ac6/systemworkbench/plugins/fr.ac6.mcu.externaltools.arm-none.win32_1.7.0.201602121829/tools/compiler/bin/../lib/gcc/arm-none-eabi/5.2.1/../../../../arm-none-eabi/lib/armv7-m\libc.a(lib_a-mprec.o)
 .ARM.attributes
                0x000005ba       0x2d c:/ac6/systemworkbench/plugins/fr.ac6.mcu.externaltools.arm-none.win32_1.7.0.201602121829/tools/compiler/bin/../lib/gcc/arm-none-eabi/5.2.1/../../../../arm-none-eabi/lib/armv7-m\libc.a(lib_a-s_fpclassify.o)
 .ARM.attributes
                0x000005e7       0x2d c:/ac6/systemworkbench/plugins/fr.ac6.mcu.externaltools.arm-none.win32_1.7.0.201602121829/tools/compiler/bin/../lib/gcc/arm-none-eabi/5.2.1/../../../../arm-none-eabi/lib/armv7-m\libc.a(lib_a-sbrkr.o)
 .ARM.attributes
                0x00000614       0x2d c:/ac6/systemworkbench/plugins/fr.ac6.mcu.externaltools.arm-none.win32_1.7.0.201602121829/tools/compiler/bin/../lib/gcc/arm-none-eabi/5.2.1/../../../../arm-none-eabi/lib/armv7-m\libc.a(lib_a-svfiprintf.o)
 .ARM.attributes
                0x00000641       0x2d c:/ac6/systemworkbench/plugins/fr.ac6.mcu.externaltools.arm-none.win32_1.7.0.201602121829/tools/compiler/bin/../lib/gcc/arm-none-eabi/5.2.1/../../../../arm-none-eabi/lib/armv7-m\libc.a(lib_a-__atexit.o)
 .ARM.attributes
                0x0000066e       0x2d c:/ac6/systemworkbench/plugins/fr.ac6.mcu.externaltools.arm-none.win32_1.7.0.201602121829/tools/compiler/bin/../lib/gcc/arm-none-eabi/5.2.1/../../../../arm-none-eabi/lib/armv7-m\libc.a(lib_a-callocr.o)
 .ARM.attributes
                0x0000069b       0x2d c:/ac6/systemworkbench/plugins/fr.ac6.mcu.externaltools.arm-none.win32_1.7.0.201602121829/tools/compiler/bin/../lib/gcc/arm-none-eabi/5.2.1/../../../../arm-none-eabi/lib/armv7-m\libc.a(lib_a-freer.o)
 .ARM.attributes
                0x000006c8       0x2d c:/ac6/systemworkbench/plugins/fr.ac6.mcu.externaltools.arm-none.win32_1.7.0.201602121829/tools/compiler/bin/../lib/gcc/arm-none-eabi/5.2.1/../../../../arm-none-eabi/lib/armv7-m\libc.a(lib_a-memmove.o)
 .ARM.attributes
                0x000006f5       0x2d c:/ac6/systemworkbench/plugins/fr.ac6.mcu.externaltools.arm-none.win32_1.7.0.201602121829/tools/compiler/bin/../lib/gcc/arm-none-eabi/5.2.1/../../../../arm-none-eabi/lib/armv7-m\libc.a(lib_a-reallocr.o)
 .ARM.attributes
                0x00000722       0x2d c:/ac6/systemworkbench/plugins/fr.ac6.mcu.externaltools.arm-none.win32_1.7.0.201602121829/tools/compiler/bin/../lib/gcc/arm-none-eabi/5.2.1/../../../../arm-none-eabi/lib/armv7-m\libc.a(lib_a-reent.o)
 .ARM.attributes
                0x0000074f       0x1d c:/ac6/systemworkbench/plugins/fr.ac6.mcu.externaltools.arm-none.win32_1.7.0.201602121829/tools/compiler/bin/../lib/gcc/arm-none-eabi/5.2.1/armv7-m\libgcc.a(_arm_addsubdf3.o)
 .ARM.attributes
                0x0000076c       0x1d c:/ac6/systemworkbench/plugins/fr.ac6.mcu.externaltools.arm-none.win32_1.7.0.201602121829/tools/compiler/bin/../lib/gcc/arm-none-eabi/5.2.1/armv7-m\libgcc.a(_arm_muldivdf3.o)
 .ARM.attributes
                0x00000789       0x1d c:/ac6/systemworkbench/plugins/fr.ac6.mcu.externaltools.arm-none.win32_1.7.0.201602121829/tools/compiler/bin/../lib/gcc/arm-none-eabi/5.2.1/armv7-m\libgcc.a(_arm_cmpdf2.o)
 .ARM.attributes
                0x000007a6       0x1d c:/ac6/systemworkbench/plugins/fr.ac6.mcu.externaltools.arm-none.win32_1.7.0.201602121829/tools/compiler/bin/../lib/gcc/arm-none-eabi/5.2.1/armv7-m\libgcc.a(_arm_fixdfsi.o)
 .ARM.attributes
                0x000007c3       0x1d c:/ac6/systemworkbench/plugins/fr.ac6.mcu.externaltools.arm-none.win32_1.7.0.201602121829/tools/compiler/bin/../lib/gcc/arm-none-eabi/5.2.1/armv7-m\libgcc.a(_aeabi_uldivmod.o)
 .ARM.attributes
                0x000007e0       0x2d c:/ac6/systemworkbench/plugins/fr.ac6.mcu.externaltools.arm-none.win32_1.7.0.201602121829/tools/compiler/bin/../lib/gcc/arm-none-eabi/5.2.1/armv7-m\libgcc.a(_udivmoddi4.o)
 .ARM.attributes
                0x0000080d       0x1d c:/ac6/systemworkbench/plugins/fr.ac6.mcu.externaltools.arm-none.win32_1.7.0.201602121829/tools/compiler/bin/../lib/gcc/arm-none-eabi/5.2.1/armv7-m\libgcc.a(_dvmd_tls.o)
 .ARM.attributes
                0x0000082a       0x2d c:/ac6/systemworkbench/plugins/fr.ac6.mcu.externaltools.arm-none.win32_1.7.0.201602121829/tools/compiler/bin/../lib/gcc/arm-none-eabi/5.2.1/armv7-m/crtend.o
 .ARM.attributes
                0x00000857       0x1d c:/ac6/systemworkbench/plugins/fr.ac6.mcu.externaltools.arm-none.win32_1.7.0.201602121829/tools/compiler/bin/../lib/gcc/arm-none-eabi/5.2.1/armv7-m/crtn.o
OUTPUT(stm32f100rct6.elf elf32-littlearm)

.debug_info     0x00000000     0x6111
 .debug_info    0x00000000      0x3cc src/delay.o
 .debug_info    0x000003cc      0x766 src/main.o
 .debug_info    0x00000b32      0x132 src/rcc.o
 .debug_info    0x00000c64      0x667 src/syscalls.o
 .debug_info    0x000012cb      0x3e1 src/system_stm32f10x.o
 .debug_info    0x000016ac      0x740 src/usart.o
 .debug_info    0x00001dec       0x6d startup/startup_stm32.o
 .debug_info    0x00001e59      0x4f5 C:\Users\freak\workspace\discovery2_stdperiph_lib\Debug\libdiscovery2_stdperiph_lib.a(misc.o)
 .debug_info    0x0000234e      0x7af C:\Users\freak\workspace\discovery2_stdperiph_lib\Debug\libdiscovery2_stdperiph_lib.a(stm32f10x_flash.o)
 .debug_info    0x00002afd      0x6e8 C:\Users\freak\workspace\discovery2_stdperiph_lib\Debug\libdiscovery2_stdperiph_lib.a(stm32f10x_gpio.o)
 .debug_info    0x000031e5      0x8f8 C:\Users\freak\workspace\discovery2_stdperiph_lib\Debug\libdiscovery2_stdperiph_lib.a(stm32f10x_rcc.o)
 .debug_info    0x00003add     0x1c52 C:\Users\freak\workspace\discovery2_stdperiph_lib\Debug\libdiscovery2_stdperiph_lib.a(stm32f10x_tim.o)
 .debug_info    0x0000572f      0x9e2 C:\Users\freak\workspace\discovery2_stdperiph_lib\Debug\libdiscovery2_stdperiph_lib.a(stm32f10x_usart.o)

.debug_abbrev   0x00000000     0x1230
 .debug_abbrev  0x00000000      0x137 src/delay.o
 .debug_abbrev  0x00000137      0x1d6 src/main.o
 .debug_abbrev  0x0000030d       0xa7 src/rcc.o
 .debug_abbrev  0x000003b4      0x177 src/syscalls.o
 .debug_abbrev  0x0000052b      0x17e src/system_stm32f10x.o
 .debug_abbrev  0x000006a9      0x1d4 src/usart.o
 .debug_abbrev  0x0000087d       0x12 startup/startup_stm32.o
 .debug_abbrev  0x0000088f      0x15b C:\Users\freak\workspace\discovery2_stdperiph_lib\Debug\libdiscovery2_stdperiph_lib.a(misc.o)
 .debug_abbrev  0x000009ea      0x194 C:\Users\freak\workspace\discovery2_stdperiph_lib\Debug\libdiscovery2_stdperiph_lib.a(stm32f10x_flash.o)
 .debug_abbrev  0x00000b7e      0x1d1 C:\Users\freak\workspace\discovery2_stdperiph_lib\Debug\libdiscovery2_stdperiph_lib.a(stm32f10x_gpio.o)
 .debug_abbrev  0x00000d4f      0x1c1 C:\Users\freak\workspace\discovery2_stdperiph_lib\Debug\libdiscovery2_stdperiph_lib.a(stm32f10x_rcc.o)
 .debug_abbrev  0x00000f10      0x1b7 C:\Users\freak\workspace\discovery2_stdperiph_lib\Debug\libdiscovery2_stdperiph_lib.a(stm32f10x_tim.o)
 .debug_abbrev  0x000010c7      0x169 C:\Users\freak\workspace\discovery2_stdperiph_lib\Debug\libdiscovery2_stdperiph_lib.a(stm32f10x_usart.o)

.debug_aranges  0x00000000      0x8c0
 .debug_aranges
                0x00000000       0x30 src/delay.o
 .debug_aranges
                0x00000030       0x38 src/main.o
 .debug_aranges
                0x00000068       0x20 src/rcc.o
 .debug_aranges
                0x00000088       0xb0 src/syscalls.o
 .debug_aranges
                0x00000138       0x38 src/system_stm32f10x.o
 .debug_aranges
                0x00000170       0x38 src/usart.o
 .debug_aranges
                0x000001a8       0x28 startup/startup_stm32.o
 .debug_aranges
                0x000001d0       0x40 C:\Users\freak\workspace\discovery2_stdperiph_lib\Debug\libdiscovery2_stdperiph_lib.a(misc.o)
 .debug_aranges
                0x00000210       0xf8 C:\Users\freak\workspace\discovery2_stdperiph_lib\Debug\libdiscovery2_stdperiph_lib.a(stm32f10x_flash.o)
 .debug_aranges
                0x00000308       0xa8 C:\Users\freak\workspace\discovery2_stdperiph_lib\Debug\libdiscovery2_stdperiph_lib.a(stm32f10x_gpio.o)
 .debug_aranges
                0x000003b0      0x120 C:\Users\freak\workspace\discovery2_stdperiph_lib\Debug\libdiscovery2_stdperiph_lib.a(stm32f10x_rcc.o)
 .debug_aranges
                0x000004d0      0x2f0 C:\Users\freak\workspace\discovery2_stdperiph_lib\Debug\libdiscovery2_stdperiph_lib.a(stm32f10x_tim.o)
 .debug_aranges
                0x000007c0      0x100 C:\Users\freak\workspace\discovery2_stdperiph_lib\Debug\libdiscovery2_stdperiph_lib.a(stm32f10x_usart.o)

.debug_ranges   0x00000000      0x7f8
 .debug_ranges  0x00000000       0x20 src/delay.o
 .debug_ranges  0x00000020       0x28 src/main.o
 .debug_ranges  0x00000048       0x10 src/rcc.o
 .debug_ranges  0x00000058       0xa0 src/syscalls.o
 .debug_ranges  0x000000f8       0x28 src/system_stm32f10x.o
 .debug_ranges  0x00000120       0x28 src/usart.o
 .debug_ranges  0x00000148       0x20 startup/startup_stm32.o
 .debug_ranges  0x00000168       0x30 C:\Users\freak\workspace\discovery2_stdperiph_lib\Debug\libdiscovery2_stdperiph_lib.a(misc.o)
 .debug_ranges  0x00000198       0xe8 C:\Users\freak\workspace\discovery2_stdperiph_lib\Debug\libdiscovery2_stdperiph_lib.a(stm32f10x_flash.o)
 .debug_ranges  0x00000280       0x98 C:\Users\freak\workspace\discovery2_stdperiph_lib\Debug\libdiscovery2_stdperiph_lib.a(stm32f10x_gpio.o)
 .debug_ranges  0x00000318      0x110 C:\Users\freak\workspace\discovery2_stdperiph_lib\Debug\libdiscovery2_stdperiph_lib.a(stm32f10x_rcc.o)
 .debug_ranges  0x00000428      0x2e0 C:\Users\freak\workspace\discovery2_stdperiph_lib\Debug\libdiscovery2_stdperiph_lib.a(stm32f10x_tim.o)
 .debug_ranges  0x00000708       0xf0 C:\Users\freak\workspace\discovery2_stdperiph_lib\Debug\libdiscovery2_stdperiph_lib.a(stm32f10x_usart.o)

.debug_macro    0x00000000    0x106df
 .debug_macro   0x00000000      0x175 src/delay.o
 .debug_macro   0x00000175      0x88c src/delay.o
 .debug_macro   0x00000a01       0x56 src/delay.o
 .debug_macro   0x00000a57       0x22 src/delay.o
 .debug_macro   0x00000a79       0x22 src/delay.o
 .debug_macro   0x00000a9b       0x44 src/delay.o
 .debug_macro   0x00000adf       0xfd src/delay.o
 .debug_macro   0x00000bdc       0x22 src/delay.o
 .debug_macro   0x00000bfe      0x1df src/delay.o
 .debug_macro   0x00000ddd      0x69f src/delay.o
 .debug_macro   0x0000147c     0x7f5b src/delay.o
 .debug_macro   0x000093d7       0x35 src/delay.o
 .debug_macro   0x0000940c      0x2df src/delay.o
 .debug_macro   0x000096eb      0x144 src/delay.o
 .debug_macro   0x0000982f      0x3cf src/delay.o
 .debug_macro   0x00009bfe       0xc8 src/delay.o
 .debug_macro   0x00009cc6      0x196 src/delay.o
 .debug_macro   0x00009e5c       0xac src/delay.o
 .debug_macro   0x00009f08      0x3ad src/delay.o
 .debug_macro   0x0000a2b5       0x9a src/delay.o
 .debug_macro   0x0000a34f      0x2cf src/delay.o
 .debug_macro   0x0000a61e      0x279 src/delay.o
 .debug_macro   0x0000a897      0x2ac src/delay.o
 .debug_macro   0x0000ab43      0x2b1 src/delay.o
 .debug_macro   0x0000adf4       0x64 src/delay.o
 .debug_macro   0x0000ae58       0x82 src/delay.o
 .debug_macro   0x0000aeda      0x461 src/delay.o
 .debug_macro   0x0000b33b       0x58 src/delay.o
 .debug_macro   0x0000b393      0x341 src/delay.o
 .debug_macro   0x0000b6d4      0x2c4 src/delay.o
 .debug_macro   0x0000b998      0x711 src/delay.o
 .debug_macro   0x0000c0a9      0x220 src/delay.o
 .debug_macro   0x0000c2c9       0x34 src/delay.o
 .debug_macro   0x0000c2fd       0x8b src/delay.o
 .debug_macro   0x0000c388       0x10 src/delay.o
 .debug_macro   0x0000c398      0x2da src/main.o
 .debug_macro   0x0000c672       0x10 src/main.o
 .debug_macro   0x0000c682       0x58 src/main.o
 .debug_macro   0x0000c6da       0x35 src/main.o
 .debug_macro   0x0000c70f       0x9c src/main.o
 .debug_macro   0x0000c7ab      0x174 src/main.o
 .debug_macro   0x0000c91f       0x52 src/main.o
 .debug_macro   0x0000c971       0x16 src/main.o
 .debug_macro   0x0000c987       0x43 src/main.o
 .debug_macro   0x0000c9ca      0x187 src/main.o
 .debug_macro   0x0000cb51      0x329 src/main.o
 .debug_macro   0x0000ce7a       0x10 src/main.o
 .debug_macro   0x0000ce8a       0x35 src/main.o
 .debug_macro   0x0000cebf       0x10 src/main.o
 .debug_macro   0x0000cecf       0x1c src/main.o
 .debug_macro   0x0000ceeb       0x10 src/main.o
 .debug_macro   0x0000cefb       0x10 src/main.o
 .debug_macro   0x0000cf0b       0x22 src/main.o
 .debug_macro   0x0000cf2d       0x3a src/main.o
 .debug_macro   0x0000cf67       0x10 src/main.o
 .debug_macro   0x0000cf77       0x40 src/main.o
 .debug_macro   0x0000cfb7       0x65 src/main.o
 .debug_macro   0x0000d01c       0x16 src/main.o
 .debug_macro   0x0000d032      0x197 src/main.o
 .debug_macro   0x0000d1c9      0x16c src/rcc.o
 .debug_macro   0x0000d335      0x1f3 src/syscalls.o
 .debug_macro   0x0000d528       0x4a src/syscalls.o
 .debug_macro   0x0000d572       0x10 src/syscalls.o
 .debug_macro   0x0000d582       0x10 src/syscalls.o
 .debug_macro   0x0000d592       0x10 src/syscalls.o
 .debug_macro   0x0000d5a2       0x35 src/syscalls.o
 .debug_macro   0x0000d5d7      0x122 src/syscalls.o
 .debug_macro   0x0000d6f9       0x16 src/syscalls.o
 .debug_macro   0x0000d70f       0x16 src/syscalls.o
 .debug_macro   0x0000d725       0x29 src/syscalls.o
 .debug_macro   0x0000d74e       0x10 src/syscalls.o
 .debug_macro   0x0000d75e      0x241 src/syscalls.o
 .debug_macro   0x0000d99f      0x159 src/syscalls.o
 .debug_macro   0x0000daf8       0x16 src/syscalls.o
 .debug_macro   0x0000db0e       0x88 src/syscalls.o
 .debug_macro   0x0000db96      0x179 src/system_stm32f10x.o
 .debug_macro   0x0000dd0f      0x214 src/usart.o
 .debug_macro   0x0000df23      0x17c C:\Users\freak\workspace\discovery2_stdperiph_lib\Debug\libdiscovery2_stdperiph_lib.a(misc.o)
 .debug_macro   0x0000e09f      0x886 C:\Users\freak\workspace\discovery2_stdperiph_lib\Debug\libdiscovery2_stdperiph_lib.a(misc.o)
 .debug_macro   0x0000e925       0x85 C:\Users\freak\workspace\discovery2_stdperiph_lib\Debug\libdiscovery2_stdperiph_lib.a(misc.o)
 .debug_macro   0x0000e9aa      0x21e C:\Users\freak\workspace\discovery2_stdperiph_lib\Debug\libdiscovery2_stdperiph_lib.a(stm32f10x_flash.o)
 .debug_macro   0x0000ebc8      0x2c9 C:\Users\freak\workspace\discovery2_stdperiph_lib\Debug\libdiscovery2_stdperiph_lib.a(stm32f10x_flash.o)
 .debug_macro   0x0000ee91      0x1c8 C:\Users\freak\workspace\discovery2_stdperiph_lib\Debug\libdiscovery2_stdperiph_lib.a(stm32f10x_gpio.o)
 .debug_macro   0x0000f059      0x2a6 C:\Users\freak\workspace\discovery2_stdperiph_lib\Debug\libdiscovery2_stdperiph_lib.a(stm32f10x_gpio.o)
 .debug_macro   0x0000f2ff      0x2a0 C:\Users\freak\workspace\discovery2_stdperiph_lib\Debug\libdiscovery2_stdperiph_lib.a(stm32f10x_rcc.o)
 .debug_macro   0x0000f59f      0x45b C:\Users\freak\workspace\discovery2_stdperiph_lib\Debug\libdiscovery2_stdperiph_lib.a(stm32f10x_rcc.o)
 .debug_macro   0x0000f9fa      0x192 C:\Users\freak\workspace\discovery2_stdperiph_lib\Debug\libdiscovery2_stdperiph_lib.a(stm32f10x_tim.o)
 .debug_macro   0x0000fb8c      0x70b C:\Users\freak\workspace\discovery2_stdperiph_lib\Debug\libdiscovery2_stdperiph_lib.a(stm32f10x_tim.o)
 .debug_macro   0x00010297      0x22e C:\Users\freak\workspace\discovery2_stdperiph_lib\Debug\libdiscovery2_stdperiph_lib.a(stm32f10x_usart.o)
 .debug_macro   0x000104c5      0x21a C:\Users\freak\workspace\discovery2_stdperiph_lib\Debug\libdiscovery2_stdperiph_lib.a(stm32f10x_usart.o)

.debug_line     0x00000000     0x5a43
 .debug_line    0x00000000      0x5e5 src/delay.o
 .debug_line    0x000005e5      0x74a src/main.o
 .debug_line    0x00000d2f      0x586 src/rcc.o
 .debug_line    0x000012b5      0x577 src/syscalls.o
 .debug_line    0x0000182c      0x60e src/system_stm32f10x.o
 .debug_line    0x00001e3a      0x67d src/usart.o
 .debug_line    0x000024b7       0x79 startup/startup_stm32.o
 .debug_line    0x00002530      0x5dd C:\Users\freak\workspace\discovery2_stdperiph_lib\Debug\libdiscovery2_stdperiph_lib.a(misc.o)
 .debug_line    0x00002b0d      0x85b C:\Users\freak\workspace\discovery2_stdperiph_lib\Debug\libdiscovery2_stdperiph_lib.a(stm32f10x_flash.o)
 .debug_line    0x00003368      0x760 C:\Users\freak\workspace\discovery2_stdperiph_lib\Debug\libdiscovery2_stdperiph_lib.a(stm32f10x_gpio.o)
 .debug_line    0x00003ac8      0x86c C:\Users\freak\workspace\discovery2_stdperiph_lib\Debug\libdiscovery2_stdperiph_lib.a(stm32f10x_rcc.o)
 .debug_line    0x00004334      0xee1 C:\Users\freak\workspace\discovery2_stdperiph_lib\Debug\libdiscovery2_stdperiph_lib.a(stm32f10x_tim.o)
 .debug_line    0x00005215      0x82e C:\Users\freak\workspace\discovery2_stdperiph_lib\Debug\libdiscovery2_stdperiph_lib.a(stm32f10x_usart.o)

.debug_str      0x00000000    0x55717
 .debug_str     0x00000000    0x4d78d src/delay.o
                              0x4d907 (size before relaxing)
 .debug_str     0x0004d78d     0x400f src/main.o
                              0x5182f (size before relaxing)
 .debug_str     0x0005179c       0x3a src/rcc.o
                              0x4d761 (size before relaxing)
 .debug_str     0x000517d6     0x115e src/syscalls.o
                               0x72ae (size before relaxing)
 .debug_str     0x00052934      0x114 src/system_stm32f10x.o
                              0x4d8a0 (size before relaxing)
 .debug_str     0x00052a48      0x18b src/usart.o
                              0x50799 (size before relaxing)
 .debug_str     0x00052bd3      0x15d C:\Users\freak\workspace\discovery2_stdperiph_lib\Debug\libdiscovery2_stdperiph_lib.a(misc.o)
                              0x4d992 (size before relaxing)
 .debug_str     0x00052d30      0x807 C:\Users\freak\workspace\discovery2_stdperiph_lib\Debug\libdiscovery2_stdperiph_lib.a(stm32f10x_flash.o)
                              0x4df7c (size before relaxing)
 .debug_str     0x00053537      0x477 C:\Users\freak\workspace\discovery2_stdperiph_lib\Debug\libdiscovery2_stdperiph_lib.a(stm32f10x_gpio.o)
                              0x4dd0a (size before relaxing)
 .debug_str     0x000539ae      0xb38 C:\Users\freak\workspace\discovery2_stdperiph_lib\Debug\libdiscovery2_stdperiph_lib.a(stm32f10x_rcc.o)
                              0x4e390 (size before relaxing)
 .debug_str     0x000544e6      0xac7 C:\Users\freak\workspace\discovery2_stdperiph_lib\Debug\libdiscovery2_stdperiph_lib.a(stm32f10x_tim.o)
                              0x4e40e (size before relaxing)
 .debug_str     0x00054fad      0x76a C:\Users\freak\workspace\discovery2_stdperiph_lib\Debug\libdiscovery2_stdperiph_lib.a(stm32f10x_usart.o)
                              0x4e01a (size before relaxing)

.comment        0x00000000       0x6e
 .comment       0x00000000       0x6e src/delay.o
                                 0x6f (size before relaxing)
 .comment       0x0000006e       0x6f src/main.o
 .comment       0x0000006e       0x6f src/rcc.o
 .comment       0x0000006e       0x6f src/syscalls.o
 .comment       0x0000006e       0x6f src/system_stm32f10x.o
 .comment       0x0000006e       0x6f src/usart.o
 .comment       0x0000006e       0x6f C:\Users\freak\workspace\discovery2_stdperiph_lib\Debug\libdiscovery2_stdperiph_lib.a(misc.o)
 .comment       0x0000006e       0x6f C:\Users\freak\workspace\discovery2_stdperiph_lib\Debug\libdiscovery2_stdperiph_lib.a(stm32f10x_flash.o)
 .comment       0x0000006e       0x6f C:\Users\freak\workspace\discovery2_stdperiph_lib\Debug\libdiscovery2_stdperiph_lib.a(stm32f10x_gpio.o)
 .comment       0x0000006e       0x6f C:\Users\freak\workspace\discovery2_stdperiph_lib\Debug\libdiscovery2_stdperiph_lib.a(stm32f10x_rcc.o)
 .comment       0x0000006e       0x6f C:\Users\freak\workspace\discovery2_stdperiph_lib\Debug\libdiscovery2_stdperiph_lib.a(stm32f10x_tim.o)
 .comment       0x0000006e       0x6f C:\Users\freak\workspace\discovery2_stdperiph_lib\Debug\libdiscovery2_stdperiph_lib.a(stm32f10x_usart.o)

.debug_frame    0x00000000     0x2e24
 .debug_frame   0x00000000       0x80 src/delay.o
 .debug_frame   0x00000080       0x9c src/main.o
 .debug_frame   0x0000011c       0x34 src/rcc.o
 .debug_frame   0x00000150      0x2d4 src/syscalls.o
 .debug_frame   0x00000424       0x98 src/system_stm32f10x.o
 .debug_frame   0x000004bc       0xa4 src/usart.o
 .debug_frame   0x00000560       0xd8 C:\Users\freak\workspace\discovery2_stdperiph_lib\Debug\libdiscovery2_stdperiph_lib.a(misc.o)
 .debug_frame   0x00000638      0x410 C:\Users\freak\workspace\discovery2_stdperiph_lib\Debug\libdiscovery2_stdperiph_lib.a(stm32f10x_flash.o)
 .debug_frame   0x00000a48      0x2d0 C:\Users\freak\workspace\discovery2_stdperiph_lib\Debug\libdiscovery2_stdperiph_lib.a(stm32f10x_gpio.o)
 .debug_frame   0x00000d18      0x51c C:\Users\freak\workspace\discovery2_stdperiph_lib\Debug\libdiscovery2_stdperiph_lib.a(stm32f10x_rcc.o)
 .debug_frame   0x00001234      0xe2c C:\Users\freak\workspace\discovery2_stdperiph_lib\Debug\libdiscovery2_stdperiph_lib.a(stm32f10x_tim.o)
 .debug_frame   0x00002060      0x490 C:\Users\freak\workspace\discovery2_stdperiph_lib\Debug\libdiscovery2_stdperiph_lib.a(stm32f10x_usart.o)
 .debug_frame   0x000024f0       0x20 c:/ac6/systemworkbench/plugins/fr.ac6.mcu.externaltools.arm-none.win32_1.7.0.201602121829/tools/compiler/bin/../lib/gcc/arm-none-eabi/5.2.1/../../../../arm-none-eabi/lib/armv7-m\libc.a(lib_a-errno.o)
 .debug_frame   0x00002510       0x2c c:/ac6/systemworkbench/plugins/fr.ac6.mcu.externaltools.arm-none.win32_1.7.0.201602121829/tools/compiler/bin/../lib/gcc/arm-none-eabi/5.2.1/../../../../arm-none-eabi/lib/armv7-m\libc.a(lib_a-init.o)
 .debug_frame   0x0000253c       0x34 c:/ac6/systemworkbench/plugins/fr.ac6.mcu.externaltools.arm-none.win32_1.7.0.201602121829/tools/compiler/bin/../lib/gcc/arm-none-eabi/5.2.1/../../../../arm-none-eabi/lib/armv7-m\libc.a(lib_a-memset.o)
 .debug_frame   0x00002570       0x84 c:/ac6/systemworkbench/plugins/fr.ac6.mcu.externaltools.arm-none.win32_1.7.0.201602121829/tools/compiler/bin/../lib/gcc/arm-none-eabi/5.2.1/../../../../arm-none-eabi/lib/armv7-m\libc.a(lib_a-sprintf.o)
 .debug_frame   0x000025f4       0x20 c:/ac6/systemworkbench/plugins/fr.ac6.mcu.externaltools.arm-none.win32_1.7.0.201602121829/tools/compiler/bin/../lib/gcc/arm-none-eabi/5.2.1/../../../../arm-none-eabi/lib/armv7-m\libc.a(lib_a-strlen-stub.o)
 .debug_frame   0x00002614       0x44 c:/ac6/systemworkbench/plugins/fr.ac6.mcu.externaltools.arm-none.win32_1.7.0.201602121829/tools/compiler/bin/../lib/gcc/arm-none-eabi/5.2.1/../../../../arm-none-eabi/lib/armv7-m\libc.a(lib_a-svfprintf.o)
 .debug_frame   0x00002658       0x50 c:/ac6/systemworkbench/plugins/fr.ac6.mcu.externaltools.arm-none.win32_1.7.0.201602121829/tools/compiler/bin/../lib/gcc/arm-none-eabi/5.2.1/../../../../arm-none-eabi/lib/armv7-m\libc.a(lib_a-__call_atexit.o)
 .debug_frame   0x000026a8       0x20 c:/ac6/systemworkbench/plugins/fr.ac6.mcu.externaltools.arm-none.win32_1.7.0.201602121829/tools/compiler/bin/../lib/gcc/arm-none-eabi/5.2.1/../../../../arm-none-eabi/lib/armv7-m\libc.a(lib_a-atexit.o)
 .debug_frame   0x000026c8       0x84 c:/ac6/systemworkbench/plugins/fr.ac6.mcu.externaltools.arm-none.win32_1.7.0.201602121829/tools/compiler/bin/../lib/gcc/arm-none-eabi/5.2.1/../../../../arm-none-eabi/lib/armv7-m\libc.a(lib_a-dtoa.o)
 .debug_frame   0x0000274c       0x34 c:/ac6/systemworkbench/plugins/fr.ac6.mcu.externaltools.arm-none.win32_1.7.0.201602121829/tools/compiler/bin/../lib/gcc/arm-none-eabi/5.2.1/../../../../arm-none-eabi/lib/armv7-m\libc.a(lib_a-fini.o)
 .debug_frame   0x00002780       0x9c c:/ac6/systemworkbench/plugins/fr.ac6.mcu.externaltools.arm-none.win32_1.7.0.201602121829/tools/compiler/bin/../lib/gcc/arm-none-eabi/5.2.1/../../../../arm-none-eabi/lib/armv7-m\libc.a(lib_a-locale.o)
 .debug_frame   0x0000281c       0x54 c:/ac6/systemworkbench/plugins/fr.ac6.mcu.externaltools.arm-none.win32_1.7.0.201602121829/tools/compiler/bin/../lib/gcc/arm-none-eabi/5.2.1/../../../../arm-none-eabi/lib/armv7-m\libc.a(lib_a-mallocr.o)
 .debug_frame   0x00002870       0x34 c:/ac6/systemworkbench/plugins/fr.ac6.mcu.externaltools.arm-none.win32_1.7.0.201602121829/tools/compiler/bin/../lib/gcc/arm-none-eabi/5.2.1/../../../../arm-none-eabi/lib/armv7-m\libc.a(lib_a-memchr-stub.o)
 .debug_frame   0x000028a4       0x30 c:/ac6/systemworkbench/plugins/fr.ac6.mcu.externaltools.arm-none.win32_1.7.0.201602121829/tools/compiler/bin/../lib/gcc/arm-none-eabi/5.2.1/../../../../arm-none-eabi/lib/armv7-m\libc.a(lib_a-mlock.o)
 .debug_frame   0x000028d4      0x264 c:/ac6/systemworkbench/plugins/fr.ac6.mcu.externaltools.arm-none.win32_1.7.0.201602121829/tools/compiler/bin/../lib/gcc/arm-none-eabi/5.2.1/../../../../arm-none-eabi/lib/armv7-m\libc.a(lib_a-mprec.o)
 .debug_frame   0x00002b38       0x34 c:/ac6/systemworkbench/plugins/fr.ac6.mcu.externaltools.arm-none.win32_1.7.0.201602121829/tools/compiler/bin/../lib/gcc/arm-none-eabi/5.2.1/../../../../arm-none-eabi/lib/armv7-m\libc.a(lib_a-s_fpclassify.o)
 .debug_frame   0x00002b6c       0x2c c:/ac6/systemworkbench/plugins/fr.ac6.mcu.externaltools.arm-none.win32_1.7.0.201602121829/tools/compiler/bin/../lib/gcc/arm-none-eabi/5.2.1/../../../../arm-none-eabi/lib/armv7-m\libc.a(lib_a-sbrkr.o)
 .debug_frame   0x00002b98       0x78 c:/ac6/systemworkbench/plugins/fr.ac6.mcu.externaltools.arm-none.win32_1.7.0.201602121829/tools/compiler/bin/../lib/gcc/arm-none-eabi/5.2.1/../../../../arm-none-eabi/lib/armv7-m\libc.a(lib_a-svfiprintf.o)
 .debug_frame   0x00002c10       0x34 c:/ac6/systemworkbench/plugins/fr.ac6.mcu.externaltools.arm-none.win32_1.7.0.201602121829/tools/compiler/bin/../lib/gcc/arm-none-eabi/5.2.1/../../../../arm-none-eabi/lib/armv7-m\libc.a(lib_a-__atexit.o)
 .debug_frame   0x00002c44       0x28 c:/ac6/systemworkbench/plugins/fr.ac6.mcu.externaltools.arm-none.win32_1.7.0.201602121829/tools/compiler/bin/../lib/gcc/arm-none-eabi/5.2.1/../../../../arm-none-eabi/lib/armv7-m\libc.a(lib_a-callocr.o)
 .debug_frame   0x00002c6c       0x74 c:/ac6/systemworkbench/plugins/fr.ac6.mcu.externaltools.arm-none.win32_1.7.0.201602121829/tools/compiler/bin/../lib/gcc/arm-none-eabi/5.2.1/../../../../arm-none-eabi/lib/armv7-m\libc.a(lib_a-freer.o)
 .debug_frame   0x00002ce0       0x30 c:/ac6/systemworkbench/plugins/fr.ac6.mcu.externaltools.arm-none.win32_1.7.0.201602121829/tools/compiler/bin/../lib/gcc/arm-none-eabi/5.2.1/../../../../arm-none-eabi/lib/armv7-m\libc.a(lib_a-memmove.o)
 .debug_frame   0x00002d10       0x58 c:/ac6/systemworkbench/plugins/fr.ac6.mcu.externaltools.arm-none.win32_1.7.0.201602121829/tools/compiler/bin/../lib/gcc/arm-none-eabi/5.2.1/../../../../arm-none-eabi/lib/armv7-m\libc.a(lib_a-reallocr.o)
 .debug_frame   0x00002d68       0x58 c:/ac6/systemworkbench/plugins/fr.ac6.mcu.externaltools.arm-none.win32_1.7.0.201602121829/tools/compiler/bin/../lib/gcc/arm-none-eabi/5.2.1/../../../../arm-none-eabi/lib/armv7-m\libc.a(lib_a-reent.o)
 .debug_frame   0x00002dc0       0x2c c:/ac6/systemworkbench/plugins/fr.ac6.mcu.externaltools.arm-none.win32_1.7.0.201602121829/tools/compiler/bin/../lib/gcc/arm-none-eabi/5.2.1/armv7-m\libgcc.a(_aeabi_uldivmod.o)
 .debug_frame   0x00002dec       0x38 c:/ac6/systemworkbench/plugins/fr.ac6.mcu.externaltools.arm-none.win32_1.7.0.201602121829/tools/compiler/bin/../lib/gcc/arm-none-eabi/5.2.1/armv7-m\libgcc.a(_udivmoddi4.o)
